// Jest Snapshot v1, https://goo.gl/fbAQLP

exports[`/checkout parity matches baseline checkout selectors and DOM snapshot 1`] = `
<div>
  <div
    class="min-h-80vh p-4 bg-surface-2 font-sans text-foreground"
  >
    <h1
      class="w-full mb-6 text-5xl text-center font-heading text-primary-main"
    >
      CHECKOUTS
    </h1>
    <div
      class="flex-grow p-6 space-y-4 bg-surface rounded-lg shadow"
    >
      <div
        class="relative pb-5 bg-surface-2 rounded border border-border-2"
      >
        <div
          class="flex flex-nowrap gap-2 items-center"
        >
          <div
            class="flex flex-wrap gap-2 items-center justify-start"
          >
            <button
              class="inline-flex items-center justify-center focus-visible:outline-none focus-visible:ring-2 focus-visible:ring-ring disabled:pointer-events-none disabled:opacity-50 h-10 px-4 py-2 border rounded text-sm font-medium w-100px text-center transition-colors bg-surface text-foreground border-border-2 hover:bg-surface-2"
              data-token="--color-primary"
            >
              Yesterday
            </button>
            <button
              class="inline-flex items-center justify-center focus-visible:outline-none focus-visible:ring-2 focus-visible:ring-ring disabled:pointer-events-none disabled:opacity-50 h-10 hover:bg-primary/90 px-4 py-2 border rounded text-sm font-medium w-100px text-center transition-colors bg-primary-main text-primary-fg border-primary-main"
              data-token="--color-primary"
            >
              Today
            </button>
            <button
              class="inline-flex items-center justify-center focus-visible:outline-none focus-visible:ring-2 focus-visible:ring-ring disabled:pointer-events-none disabled:opacity-50 h-10 px-4 py-2 border rounded text-sm font-medium w-100px text-center transition-colors bg-surface text-foreground border-border-2 hover:bg-surface-2"
              data-token="--color-primary"
            >
              Wed
            </button>
            <button
              class="inline-flex items-center justify-center focus-visible:outline-none focus-visible:ring-2 focus-visible:ring-ring disabled:pointer-events-none disabled:opacity-50 h-10 px-4 py-2 border rounded text-sm font-medium w-100px text-center transition-colors bg-surface text-foreground border-border-2 hover:bg-surface-2"
              data-token="--color-primary"
            >
              Thu
            </button>
            <button
              class="inline-flex items-center justify-center focus-visible:outline-none focus-visible:ring-2 focus-visible:ring-ring disabled:pointer-events-none disabled:opacity-50 h-10 px-4 py-2 border rounded text-sm font-medium w-100px text-center transition-colors bg-surface text-foreground border-border-2 hover:bg-surface-2"
              data-token="--color-primary"
            >
              Fri
            </button>
            <button
              class="inline-flex items-center justify-center focus-visible:outline-none focus-visible:ring-2 focus-visible:ring-ring disabled:pointer-events-none disabled:opacity-50 h-10 px-4 py-2 border rounded text-sm font-medium w-100px text-center transition-colors bg-surface text-foreground border-border-2 hover:bg-surface-2"
              data-token="--color-primary"
            >
              Sat
            </button>
            <button
              class="inline-flex items-center justify-center focus-visible:outline-none focus-visible:ring-2 focus-visible:ring-ring disabled:pointer-events-none disabled:opacity-50 h-10 px-4 py-2 border rounded text-sm font-medium w-100px text-center transition-colors bg-surface text-foreground border-border-2 hover:bg-surface-2"
              data-token="--color-primary"
            >
              Sun
            </button>
          </div>
        </div>
      </div>
      <div
        class="bg-surface border border-border-2 rounded shadow overflow-x-auto"
      >
        <div
          class="w-full overflow-x-auto"
        >
          <table
            aria-label="checkout table"
            class="text-foreground text-left text-sm w-full border-collapse"
          >
            <thead
              class="text-foreground border-b border-border-2 bg-surface-2"
            >
              <tr
                class="border-b border-border-1 transition-colors hover:bg-surface-2 data-[state=selected]:bg-surface-3"
              >
                <th
                  class="text-foreground font-semibold break-words sticky top-0 z-10 text-center p-3 border-b border-border-2"
                >
                  DATE
                </th>
                <th
                  class="text-foreground font-semibold break-words sticky top-0 z-10 text-center p-3 border-b border-border-2"
                >
                  REF
                </th>
                <th
                  class="text-foreground font-semibold break-words sticky top-0 z-10 text-center p-3 border-b border-border-2"
                >
                  NAME
                </th>
                <th
                  class="text-foreground font-semibold break-words sticky top-0 z-10 text-center p-3 border-b border-border-2"
                >
                  ROOM
                </th>
                <th
                  class="text-foreground font-semibold break-words sticky top-0 z-10 text-center p-3 border-b border-border-2 w-48"
                >
                  LOANS
                </th>
                <th
                  class="text-foreground font-semibold break-words sticky top-0 z-10 text-center p-3 border-b border-border-2"
                >
                  BAG STORAGE
                </th>
                <th
                  class="text-foreground font-semibold break-words sticky top-0 z-10 text-center p-3 border-b border-border-2"
                >
                  FRIDGE
                </th>
                <th
                  class="text-foreground font-semibold break-words sticky top-0 z-10 text-center p-3 border-b border-border-2 w-32"
                >
                  COMPLETE
                </th>
              </tr>
            </thead>
            <tbody
              class=""
            >
              <tr
                class="border-b border-border-1 transition-colors hover:bg-surface-2 data-[state=selected]:bg-surface-3 bg-surface"
              >
                <td
                  class="align-middle min-w-0 break-words p-3 border-b border-border-2"
                >
                  01/01
                </td>
                <td
                  class="align-middle min-w-0 break-words p-3 border-b border-border-2"
                >
                  BR1
                </td>
                <td
                  class="align-middle min-w-0 break-words p-3 border-b border-border-2"
                >
                  Alice
                   
                  Smith
                </td>
                <td
                  class="align-middle min-w-0 break-words p-3 border-b text-center border-border-2"
                >
                  101
                </td>
                <td
                  class="align-middle min-w-0 break-words p-3 border-b border-border-2 w-48"
                >
                  <button
                    aria-label="Remove Umbrella"
                    class="justify-center py-2 font-medium focus-visible:outline-none focus-visible:ring-2 focus-visible:ring-ring disabled:pointer-events-none disabled:opacity-50 rounded-md h-10 text-sm bg-primary hover:bg-primary/90 inline-flex items-center px-1 me-1 text-foreground hover:text-foreground transition-colors duration-200"
                    data-token="--color-primary"
                    title="Umbrella"
                  >
                    <i
                      aria-hidden="true"
                      class="fas fa-umbrella fa-lg text-info-main"
                    />
                  </button>
                </td>
                <td
                  class="align-middle min-w-0 break-words p-3 border-b border-border-2 text-center"
                >
                  <i
                    aria-hidden="true"
                    class="fas fa-suitcase fa-lg text-info-main"
                    title="Bag Storage"
                  />
                </td>
                <td
                  class="align-middle min-w-0 break-words p-3 border-b border-border-2"
                />
                <td
                  class="align-middle min-w-0 break-words p-3 border-b border-border-2 text-center"
                >
                  <button
                    aria-label="Complete checkout"
                    class="inline-flex items-center justify-center font-medium focus-visible:outline-none focus-visible:ring-2 focus-visible:ring-ring disabled:pointer-events-none disabled:opacity-50 h-10 text-sm px-4 py-2 rounded text-primary-fg transition-colors duration-200 bg-info-main hover:bg-info-main"
                    data-token="--color-primary"
                    title="Complete checkout"
                  >
                    Complete
                  </button>
                </td>
              </tr>
            </tbody>
          </table>
        </div>
      </div>
    </div>
  </div>
</div>
`;
