// Jest Snapshot v1, https://goo.gl/fbAQLP

exports[`/checkin parity matches baseline selectors and DOM snapshot 1`] = `
<div>
  <div
    class="bg-gradient-to-b from-surface-2 to-surface-3 min-h-screen flex flex-col p-5"
  >
    <div
      class="bg-surface/80 rounded-lg px-4 py-3 mb-4"
    >
      <div
        class="grid grid-cols-3 items-center mb-6"
      >
        <div />
        <h1
          class="text-5xl font-heading text-primary-main text-center"
        >
          CHECKINS
        </h1>
        <div
          class="flex justify-end pr-5 space-x-2"
        >
          <button
            type="button"
          >
            Archive
          </button>
        </div>
      </div>
    </div>
    <div
      class="flex-grow bg-surface rounded-lg shadow-lg p-6 space-y-4"
    >
      <div
        class="space-y-3"
      >
        <div
          data-cy="checkin-date-selector"
        >
          2025-01-03
        </div>
        <div
          class="flex items-center justify-between"
        >
          <label
            class="flex items-center gap-2 text-sm text-muted-foreground cursor-pointer select-none"
          >
            <input
              class="flex border border-input bg-input px-3 text-sm text-foreground py-3 rounded-md placeholder:text-muted-foreground file:border-0 file:bg-transparent file:text-sm file:font-medium focus-visible:outline-none focus-visible:ring-offset-[var(--ring-offset-width)] focus-visible:ring-ring disabled:cursor-not-allowed disabled:opacity-50 w-4 h-4 cursor-pointer"
              data-token="--color-bg"
              id="_r_0_"
              type="checkbox"
            />
            <span>
              Show cancelled
            </span>
          </label>
          <button
            class="rounded-lg bg-primary-main/100 px-4 py-2 text-sm font-semibold text-primary-fg/100 transition-all duration-150 hover:opacity-90 active:scale-95"
            type="button"
          >
            Rooms Ready
          </button>
        </div>
      </div>
      <div
        class="overflow-x-auto"
      >
        <div
          class="w-full overflow-x-auto"
        >
          <table
            class="text-foreground text-left w-full table-auto border border-border-2 text-sm"
          >
            <thead>
              <tr>
                <th
                  scope="col"
                >
                  Guest
                </th>
              </tr>
            </thead>
            <tbody
              class=""
            >
              <tr
                data-cy="booking-row-O1"
              >
                <td>
                  John
                </td>
                <td>
                  <button
                    type="button"
                  >
                    row-action
                  </button>
                </td>
              </tr>
            </tbody>
          </table>
        </div>
      </div>
    </div>
  </div>
</div>
`;
