// Jest Snapshot v1, https://goo.gl/fbAQLP

exports[`/bar unauthenticated login parity matches baseline login selectors and DOM snapshot 1`] = `
<div>
  <div
    class="flex min-h-dvh w-full items-center justify-center bg-gradient-to-br from-surface-2 via-surface-2 to-surface-3 px-4"
  >
    <div
      class="relative w-full max-w-md rounded-2xl bg-surface px-8 py-10 shadow-xl"
    >
      <div
        class="flex items-center justify-center"
      >
        <div
          class="flex h-10 w-10 items-center justify-center rounded-lg bg-primary-main"
        >
          <span
            class="text-lg font-bold text-primary-fg"
          >
            R
          </span>
        </div>
        <span
          class="ms-3 text-xl font-semibold text-foreground"
        >
          Reception
        </span>
      </div>
      <h1
        class="mt-6 text-xl font-semibold text-foreground"
      >
        Sign in to Reception
      </h1>
      <p
        class="mt-2 text-sm text-muted-foreground"
      >
        Enter your credentials to continue.
      </p>
      <form
        class="mt-6 space-y-5"
      >
        <div>
          <label
            class="block text-sm font-medium text-foreground"
            for="email"
          >
            Email
          </label>
          <input
            autocomplete="email"
            class="flex bg-input text-sm h-12 file:border-0 file:bg-transparent file:text-sm file:font-medium focus-visible:outline-none focus-visible:ring-offset-[var(--ring-offset-width)] focus-visible:ring-ring disabled:cursor-not-allowed disabled:opacity-50 mt-1.5 w-full rounded-lg border border-border-2 px-4 py-2.5 text-foreground placeholder:text-muted-foreground focus:border-ring focus:outline-none focus-visible:focus:ring-2 focus:ring-ring"
            data-token="--color-bg"
            id="email"
            placeholder="name@company.com"
            required=""
            type="email"
            value=""
          />
        </div>
        <div>
          <div
            class="flex items-center justify-between"
          >
            <label
              class="block text-sm font-medium text-foreground"
              for="password"
            >
              Password
            </label>
            <button
              class="inline-flex items-center justify-center py-2 transition-colors focus-visible:outline-none focus-visible:ring-2 focus-visible:ring-ring disabled:pointer-events-none disabled:opacity-50 rounded-md h-10 px-4 bg-primary hover:bg-primary/90 text-sm font-medium text-primary-main hover:text-primary-main"
              data-token="--color-primary"
              type="button"
            >
              Forgot password?
            </button>
          </div>
          <div
            class="relative mt-1.5"
          >
            <input
              autocomplete="current-password"
              class="flex bg-input text-sm h-12 placeholder:text-muted-foreground file:border-0 file:bg-transparent file:text-sm file:font-medium focus-visible:outline-none focus-visible:ring-offset-[var(--ring-offset-width)] focus-visible:ring-ring disabled:cursor-not-allowed disabled:opacity-50 w-full rounded-lg border border-border-2 px-4 py-2.5 pr-10 text-foreground focus:border-ring focus:outline-none focus-visible:focus:ring-2 focus:ring-ring"
              data-token="--color-bg"
              id="password"
              required=""
              type="password"
              value=""
            />
            <button
              aria-label="Show password"
              class="inline-flex items-center justify-center py-2 font-medium transition-colors focus-visible:outline-none focus-visible:ring-2 focus-visible:ring-ring disabled:pointer-events-none disabled:opacity-50 rounded-md h-10 px-4 text-sm bg-primary hover:bg-primary/90 absolute right-3 top-1/2 -translate-y-1/2 text-muted-foreground hover:text-muted-foreground focus:outline-none focus-visible:focus:ring-2 focus:ring-ring focus-visible:focus:ring-offset-2"
              data-token="--color-primary"
              type="button"
            >
              <svg
                aria-hidden="true"
                class="h-5 w-5"
                fill="none"
                stroke="currentColor"
                stroke-width="1.5"
                viewBox="0 0 24 24"
                xmlns="http://www.w3.org/2000/svg"
              >
                <path
                  d="M2.036 12.322a1.012 1.012 0 0 1 0-.639C3.423 7.51 7.36 4.5 12 4.5c4.638 0 8.573 3.007 9.963 7.178.07.207.07.431 0 .639C20.577 16.49 16.64 19.5 12 19.5c-4.638 0-8.573-3.007-9.963-7.178Z"
                  stroke-linecap="round"
                  stroke-linejoin="round"
                />
                <path
                  d="M15 12a3 3 0 1 1-6 0 3 3 0 0 1 6 0Z"
                  stroke-linecap="round"
                  stroke-linejoin="round"
                />
              </svg>
            </button>
          </div>
        </div>
        <button
          class="inline-flex items-center justify-center transition-colors focus-visible:outline-none focus-visible:ring-2 focus-visible:ring-ring disabled:pointer-events-none h-10 text-sm w-full rounded-lg bg-primary-main px-4 py-3 font-medium text-primary-fg hover:bg-primary-dark focus:outline-none focus-visible:focus:ring-2 focus:ring-ring focus-visible:focus:ring-offset-2 disabled:opacity-50"
          data-token="--color-primary"
          type="submit"
        >
          Sign in
        </button>
      </form>
    </div>
  </div>
</div>
`;
