// Jest Snapshot v1, https://goo.gl/fbAQLP

exports[`/till-reconciliation parity matches baseline heading and dropdown selector snapshot 1`] = `
<div>
  <div
    class="bg-gradient-to-b from-surface-2 to-surface-3 min-h-80vh p-4 font-sans text-foreground"
  >
    <div
      class="mb-6 flex items-center gap-3"
    >
      <div
        aria-hidden="true"
        class="h-7 w-1 rounded-full bg-primary-main"
      />
      <h1
        class="text-2xl font-heading font-semibold text-foreground"
      >
        TILL MANAGEMENT
      </h1>
    </div>
    <div
      class="flex-grow bg-surface rounded-xl shadow-lg p-6 space-y-8"
    >
      <div
        class="flex flex-col gap-4 sm:flex-row"
      >
        <div
          data-radix-mock="Root"
        >
          <button
            aria-expanded="false"
            aria-haspopup="menu"
            class="inline-flex items-center justify-center font-medium transition-colors focus-visible:outline-none focus-visible:ring-2 focus-visible:ring-ring disabled:pointer-events-none disabled:opacity-50 h-10 text-sm px-4 py-2 bg-primary-main text-primary-fg rounded hover:bg-primary-dark"
            data-token="--color-primary"
          >
            Shift
          </button>
        </div>
        <div
          data-radix-mock="Root"
        >
          <button
            aria-expanded="false"
            aria-haspopup="menu"
            class="inline-flex items-center justify-center font-medium transition-colors focus-visible:outline-none focus-visible:ring-2 focus-visible:ring-ring disabled:pointer-events-none disabled:opacity-50 h-10 text-sm px-4 py-2 bg-primary-main text-primary-fg rounded hover:bg-primary-dark"
            data-token="--color-primary"
          >
            Cash
          </button>
        </div>
        <div
          data-radix-mock="Root"
        >
          <button
            aria-expanded="false"
            aria-haspopup="menu"
            class="inline-flex items-center justify-center font-medium transition-colors focus-visible:outline-none focus-visible:ring-2 focus-visible:ring-ring disabled:pointer-events-none disabled:opacity-50 h-10 text-sm px-4 py-2 bg-primary-main text-primary-fg rounded hover:bg-primary-dark"
            data-token="--color-primary"
          >
            Keycards
          </button>
        </div>
      </div>
      <div
        data-testid="forms-container"
      />
      <div
        data-testid="transaction-modals"
      />
      <div
        data-testid="shift-history"
      />
    </div>
  </div>
</div>
`;
