// Jest Snapshot v1, https://goo.gl/fbAQLP

exports[`upgrade preview page renders changes, preview links and publish CTA 1`] = `
<body>
  <div>
    <div
      class="space-y-8"
    >
      <ul
        class="list-disc pl-4"
      >
        <li>
          Breadcrumbs
        </li>
      </ul>
      <ul
        class="list-disc pl-4"
      >
        <li>
          <a
            href="/preview/1?upgrade=tok"
          >
            Preview 1
          </a>
        </li>
      </ul>
      <button
        class="rounded border px-4 py-2"
        type="button"
      >
        Approve & publish
      </button>
    </div>
  </div>
</body>
`;
