// Jest Snapshot v1, https://goo.gl/fbAQLP

exports[`guide namespace migration preserves namespace assignment for all guides 1`] = `
{
  "ageAccessibility": "assistance",
  "amalfiPositanoBus": "howToGetHere",
  "amalfiPositanoFerry": "howToGetHere",
  "amalfiTownGuide": "experiences",
  "arienzoBeachBusBack": "experiences",
  "arienzoBeachClub": "experiences",
  "arrivingByFerry": "assistance",
  "artisansPositanoShopping": "experiences",
  "avoidCrowdsPositano": "experiences",
  "backpackerItineraries": "experiences",
  "backpackingSouthernItaly": "experiences",
  "beachHoppingAmalfi": "experiences",
  "bestTimeToVisit": "assistance",
  "boatTours": "experiences",
  "bookingBasics": "assistance",
  "briketteToFerryDock": "howToGetHere",
  "budgetAccommodationBeyond": "assistance",
  "campingAmalfi": "experiences",
  "capriDayTrip": "experiences",
  "capriOnABudget": "experiences",
  "capriPositanoFerry": "howToGetHere",
  "changingCancelling": "assistance",
  "cheapEats": "experiences",
  "checkinCheckout": "assistance",
  "chiesaNuovaArrivals": "howToGetHere",
  "chiesaNuovaDepartures": "howToGetHere",
  "compareBasesPositanoSorrentoAmalfi": "experiences",
  "cookingClassesAmalfi": "experiences",
  "couplesInHostels": "assistance",
  "cuisineAmalfiGuide": "experiences",
  "dayTripsAmalfi": "experiences",
  "defectsDamages": "assistance",
  "depositsPayments": "assistance",
  "digitalConcierge": "experiences",
  "drivingAmalfi": "assistance",
  "eatingOutPositano": "experiences",
  "ecoFriendlyAmalfi": "assistance",
  "etiquetteItalyAmalfi": "experiences",
  "ferragostoPositano": "experiences",
  "ferryCancellations": "experiences",
  "ferryDockToBrikette": "howToGetHere",
  "ferrySchedules": "assistance",
  "fiordoDiFuroreBeachGuide": "experiences",
  "fiordoDiFuroreBusReturn": "experiences",
  "folkloreAmalfi": "experiences",
  "foodieGuideNaplesAmalfi": "experiences",
  "fornilloBeachGuide": "experiences",
  "fornilloBeachToBrikette": "howToGetHere",
  "freeThingsPositano": "assistance",
  "gavitellaBeachGuide": "experiences",
  "groceriesPharmacies": "assistance",
  "historyPositano": "experiences",
  "hitchhikingAmalfi": "assistance",
  "hostelBriketteToArienzoBus": "experiences",
  "hostelBriketteToFiordoDiFuroreBus": "experiences",
  "hostelBriketteToFornilloBeach": "experiences",
  "hostelBriketteToReginaGiovannaBath": "experiences",
  "hostelFaqs": "assistance",
  "howToGetToPositano": "assistance",
  "instagramSpots": "experiences",
  "interrailAmalfi": "assistance",
  "ischiaProcidaGuide": "experiences",
  "italianPhrasesCampania": "assistance",
  "itinerariesPillar": "experiences",
  "laundryPositano": "assistance",
  "lauritoBeachBusBack": "experiences",
  "lauritoBeachBusDown": "experiences",
  "lauritoBeachGuide": "experiences",
  "legal": "assistance",
  "limoncelloCuisine": "experiences",
  "limoncelloFactory": "experiences",
  "luggageStorage": "assistance",
  "luminariaPraiano": "experiences",
  "marinaDiPraiaBeaches": "experiences",
  "naplesAirportBus": "assistance",
  "naplesAirportPositanoBus": "howToGetHere",
  "naplesCenterPositanoFerry": "howToGetHere",
  "naplesCenterTrainBus": "howToGetHere",
  "naplesCityGuide": "assistance",
  "naplesPositano": "howToGetHere",
  "offSeasonLongStay": "assistance",
  "offbeatVillagesAmalfi": "experiences",
  "onlyHostel": "assistance",
  "parking": "assistance",
  "pathOfTheGods": "experiences",
  "pathOfTheGodsBus": "experiences",
  "pathOfTheGodsFerry": "experiences",
  "pathOfTheGodsNocelle": "experiences",
  "petsAmalfi": "assistance",
  "photographyGuidePositano": "experiences",
  "porterServices": "assistance",
  "positanoAmalfi": "experiences",
  "positanoAmalfiBus": "howToGetHere",
  "positanoAmalfiFerry": "howToGetHere",
  "positanoBeaches": "experiences",
  "positanoBudget": "experiences",
  "positanoCapriFerry": "howToGetHere",
  "positanoCostBreakdown": "assistance",
  "positanoCostComparison": "assistance",
  "positanoDining": "experiences",
  "positanoMainBeach": "experiences",
  "positanoMainBeachBusBack": "experiences",
  "positanoMainBeachBusDown": "experiences",
  "positanoMainBeachWalkBack": "experiences",
  "positanoMainBeachWalkDown": "experiences",
  "positanoNaplesAirportBus": "howToGetHere",
  "positanoNaplesCenterBusTrain": "howToGetHere",
  "positanoNaplesCenterFerry": "howToGetHere",
  "positanoPompeii": "experiences",
  "positanoRavello": "experiences",
  "positanoRavelloBus": "howToGetHere",
  "positanoRavelloFerryBus": "howToGetHere",
  "positanoSalernoBus": "howToGetHere",
  "positanoSalernoFerry": "howToGetHere",
  "positanoSorrentoBus": "howToGetHere",
  "positanoSorrentoFerry": "howToGetHere",
  "positanoToNaplesDirectionsByFerry": "howToGetHere",
  "positanoTravelGuide": "experiences",
  "positanoWinterBudget": "experiences",
  "praianoGuide": "experiences",
  "publicTransportAmalfi": "assistance",
  "ravelloFestival": "experiences",
  "ravelloGuide": "experiences",
  "ravelloPositanoBus": "howToGetHere",
  "reachBudget": "assistance",
  "reginaGiovannaBath": "experiences",
  "rules": "assistance",
  "safetyAmalfi": "assistance",
  "salernoGatewayGuide": "assistance",
  "salernoPositano": "howToGetHere",
  "salernoPositanoBus": "howToGetHere",
  "salernoPositanoFerry": "howToGetHere",
  "salernoVsNaples": "assistance",
  "salernoVsNaplesArrivals": "experiences",
  "santaMariaDelCastelloHike": "experiences",
  "scenicWalksPositano": "experiences",
  "scooterRentalPositano": "assistance",
  "security": "assistance",
  "sevenDayNoCar": "experiences",
  "simsAtms": "assistance",
  "sitaTickets": "assistance",
  "soloTravelPositano": "assistance",
  "sorrentoGuide": "assistance",
  "sorrentoPositanoBus": "howToGetHere",
  "sorrentoPositanoFerry": "howToGetHere",
  "souvenirsAmalfi": "experiences",
  "stayingFitAmalfi": "experiences",
  "sunriseHike": "experiences",
  "sunsetViewpoints": "experiences",
  "tagsIndex": "experiences",
  "terraceSunsets": "experiences",
  "topOfTheMountainHike": "experiences",
  "topViewpointsAmalfi": "experiences",
  "tramontiWineries": "experiences",
  "transportBudget": "assistance",
  "transportMoneySaving": "assistance",
  "travelFaqsAmalfi": "assistance",
  "travelHelp": "assistance",
  "travelInsuranceAmalfi": "assistance",
  "travelTipsFirstTime": "experiences",
  "walkingTourAudio": "experiences",
  "weekend48Positano": "experiences",
  "whatToPack": "assistance",
  "workAndTravelPositano": "assistance",
  "workCafes": "assistance",
  "workExchangeItaly": "assistance",
}
`;
